12:09:48 **** Incremental Build of configuration Debug for project Nano_Aquisition ****
make -j20 all 
arm-none-eabi-gcc "../Core/Src/main.c" -mcpu=cortex-m4 -std=gnu11 -g3 -DDEBUG -DUSE_HAL_DRIVER -DSTM32L4S5xx -c -I../Core/Inc -I../Drivers/STM32L4xx_HAL_Driver/Inc -I../Drivers/STM32L4xx_HAL_Driver/Inc/Legacy -I../Drivers/CMSIS/Device/ST/STM32L4xx/Include -I../Drivers/CMSIS/Include -O0 -ffunction-sections -fdata-sections -Wall -fstack-usage -fcyclomatic-complexity -MMD -MP -MF"Core/Src/main.d" -MT"Core/Src/main.o" --specs=nano.specs -mfpu=fpv4-sp-d16 -mfloat-abi=hard -mthumb -o "Core/Src/main.o"
arm-none-eabi-gcc -o "Nano_Aquisition.elf" @"objects.list"  -lneai -mcpu=cortex-m4 -T"D:\TinyML_Workspace\TinyML\STM32\Nano_Aquisition\STM32L4S5VITX_FLASH.ld" --specs=nosys.specs -Wl,-Map="Nano_Aquisition.map" -Wl,--gc-sections -static -L"D:\TinyML_Workspace\TinyML\STM32\Nano_Aquisition\Lib" --specs=nano.specs -mfpu=fpv4-sp-d16 -mfloat-abi=hard -mthumb -u _printf_float -u _scanf_float -Wl,--start-group -lc -lm -Wl,--end-group
Finished building target: Nano_Aquisition.elf
 
arm-none-eabi-size  Nano_Aquisition.elf 
arm-none-eabi-objdump -h -S Nano_Aquisition.elf  > "Nano_Aquisition.list"
   text	   data	    bss	    dec	    hex	filename
  54928	    488	  22440	  77856	  13020	Nano_Aquisition.elf
Finished building: default.size.stdout
 
Finished building: Nano_Aquisition.list
 

12:09:48 Build Finished. 0 errors, 0 warnings. (took 536ms)

